[2026-09-01 22:34:32 UTC] INFO ============================================================
[2026-09-01 22:34:32 UTC] INFO ============================================================
[2026-09-01 22:34:32 UTC] INFO UTA Verify Bot — starting
[2026-09-01 22:34:32 UTC] INFO UTA Verify Bot — starting
[2026-09-01 22:34:32 UTC] INFO Bot token: 8724927280...
[2026-09-01 22:34:32 UTC] INFO Bot token: 8724927280...
[2026-09-01 22:34:32 UTC] INFO UTA API: https://www.marketnow.site/api/trust
[2026-09-01 22:34:32 UTC] INFO UTA API: https://www.marketnow.site/api/trust
[2026-09-01 22:34:32 UTC] INFO ============================================================
[2026-09-01 22:34:32 UTC] INFO ============================================================
[2026-09-01 22:34:32 UTC] INFO Bot: @uta_verify_bot (id: 8724927280)
[2026-09-01 22:34:32 UTC] INFO Bot: @uta_verify_bot (id: 8724927280)
[2026-09-01 22:34:32 UTC] INFO Name: UTA Verify Bot
[2026-09-01 22:34:32 UTC] INFO Name: UTA Verify Bot
[2026-09-01 22:34:33 UTC] INFO Polling for messages...
[2026-09-01 22:34:33 UTC] INFO Polling for messages...
[2026-09-01 22:35:13 UTC] Bot supervisor started
[2026-09-01 22:35:13 UTC] Starting bot...
[2026-09-01 22:35:14 UTC] INFO ============================================================
[2026-09-01 22:35:14 UTC] INFO ============================================================
[2026-09-01 22:35:14 UTC] INFO UTA Verify Bot — starting
[2026-09-01 22:35:14 UTC] INFO UTA Verify Bot — starting
[2026-09-01 22:35:14 UTC] INFO Bot token: 8724927280...
[2026-09-01 22:35:14 UTC] INFO Bot token: 8724927280...
[2026-09-01 22:35:14 UTC] INFO UTA API: https://www.marketnow.site/api/trust
[2026-09-01 22:35:14 UTC] INFO UTA API: https://www.marketnow.site/api/trust
[2026-09-01 22:35:14 UTC] INFO ============================================================
[2026-09-01 22:35:14 UTC] INFO ============================================================
[2026-09-01 22:35:14 UTC] INFO Bot: @uta_verify_bot (id: 8724927280)
[2026-09-01 22:35:14 UTC] INFO Bot: @uta_verify_bot (id: 8724927280)
[2026-09-01 22:35:14 UTC] INFO Name: UTA Verify Bot
[2026-09-01 22:35:14 UTC] INFO Name: UTA Verify Bot
[2026-09-01 22:35:15 UTC] INFO Polling for messages...
[2026-09-01 22:35:15 UTC] INFO Polling for messages...
